// Vitest Snapshot v1, https://vitest.dev/guide/snapshot.html

exports[`should extract headers (h1, h2, h3, h4) > complexTree 1`] = `
[
  {
    "children": [
      {
        "children": [
          {
            "children": [
              {
                "children": [],
                "level": 4,
                "link": "#s1-1-1-1",
                "slug": "s1-1-1-1",
                "title": "s1-1-1-1",
              },
            ],
            "level": 3,
            "link": "#s1-1-1",
            "slug": "s1-1-1",
            "title": "s1-1-1",
          },
          {
            "children": [],
            "level": 3,
            "link": "#s1-1-2",
            "slug": "s1-1-2",
            "title": "s1-1-2",
          },
          {
            "children": [
              {
                "children": [],
                "level": 4,
                "link": "#s1-1-3-1",
                "slug": "s1-1-3-1",
                "title": "s1-1-3-1",
              },
            ],
            "level": 3,
            "link": "#s1-1-3",
            "slug": "s1-1-3",
            "title": "s1-1-3",
          },
        ],
        "level": 2,
        "link": "#s1-1",
        "slug": "s1-1",
        "title": "s1-1",
      },
      {
        "children": [],
        "level": 2,
        "link": "#s1-2",
        "slug": "s1-2",
        "title": "s1-2",
      },
      {
        "children": [
          {
            "children": [
              {
                "children": [],
                "level": 4,
                "link": "#s1-3-2-1",
                "slug": "s1-3-2-1",
                "title": "s1-3-2-1",
              },
            ],
            "level": 3,
            "link": "#s1-3-2",
            "slug": "s1-3-2",
            "title": "s1-3-2",
          },
        ],
        "level": 2,
        "link": "#s1-3",
        "slug": "s1-3",
        "title": "s1-3",
      },
    ],
    "level": 1,
    "link": "#s1",
    "slug": "s1",
    "title": "s1",
  },
]
`;

exports[`should extract headers (h1, h2, h3, h4) > reversedTree 1`] = `
[
  {
    "children": [],
    "level": 4,
    "link": "#h4",
    "slug": "h4",
    "title": "h4",
  },
  {
    "children": [],
    "level": 3,
    "link": "#h3",
    "slug": "h3",
    "title": "h3",
  },
  {
    "children": [],
    "level": 2,
    "link": "#h2",
    "slug": "h2",
    "title": "h2",
  },
  {
    "children": [],
    "level": 1,
    "link": "#h1",
    "slug": "h1",
    "title": "h1",
  },
]
`;

exports[`should extract headers (h1, h2, h3, h4) > simpleTree 1`] = `
[
  {
    "children": [
      {
        "children": [
          {
            "children": [
              {
                "children": [],
                "level": 4,
                "link": "#h4",
                "slug": "h4",
                "title": "h4",
              },
            ],
            "level": 3,
            "link": "#h3",
            "slug": "h3",
            "title": "h3",
          },
        ],
        "level": 2,
        "link": "#h2",
        "slug": "h2",
        "title": "h2",
      },
    ],
    "level": 1,
    "link": "#h1",
    "slug": "h1",
    "title": "h1",
  },
]
`;

exports[`should extract headers with default option (h2, h3) > complexTree 1`] = `
[
  {
    "children": [
      {
        "children": [],
        "level": 3,
        "link": "#s1-1-1",
        "slug": "s1-1-1",
        "title": "s1-1-1",
      },
      {
        "children": [],
        "level": 3,
        "link": "#s1-1-2",
        "slug": "s1-1-2",
        "title": "s1-1-2",
      },
      {
        "children": [],
        "level": 3,
        "link": "#s1-1-3",
        "slug": "s1-1-3",
        "title": "s1-1-3",
      },
    ],
    "level": 2,
    "link": "#s1-1",
    "slug": "s1-1",
    "title": "s1-1",
  },
  {
    "children": [],
    "level": 2,
    "link": "#s1-2",
    "slug": "s1-2",
    "title": "s1-2",
  },
  {
    "children": [
      {
        "children": [],
        "level": 3,
        "link": "#s1-3-2",
        "slug": "s1-3-2",
        "title": "s1-3-2",
      },
    ],
    "level": 2,
    "link": "#s1-3",
    "slug": "s1-3",
    "title": "s1-3",
  },
]
`;

exports[`should extract headers with default option (h2, h3) > reversedTree 1`] = `
[
  {
    "children": [],
    "level": 3,
    "link": "#h3",
    "slug": "h3",
    "title": "h3",
  },
  {
    "children": [],
    "level": 2,
    "link": "#h2",
    "slug": "h2",
    "title": "h2",
  },
]
`;

exports[`should extract headers with default option (h2, h3) > simpleTree 1`] = `
[
  {
    "children": [
      {
        "children": [],
        "level": 3,
        "link": "#h3",
        "slug": "h3",
        "title": "h3",
      },
    ],
    "level": 2,
    "link": "#h2",
    "slug": "h2",
    "title": "h2",
  },
]
`;
